*Running GITHUB from terminal*

> Go to a folder you want to create the GitHub Repository to be in

> Run the following commands :

$ git clone https://github.com/itsmb16/English_Odia-Translation.git
$ cd English_Odia-Translation
$ git status
      #This will dispaly : 
      On branch master
      Your branch is up-to-date with 'origin/master'.
      nothing to commit, working directory clean
$ git remote add upstream https://github.com/ujjaldas1997/English_Odia-Translation.git
      #This will add upstream to the originally created repository.
$git fetch upstream
      #This will fetch Fetch the branches and their respective commits from the upstream repository. 
      Commits to master will be stored in a local branch, upstream/master.
$ git checkout master
$ git merge upstream/master 
      #This will Merge the changes from upstream/master into your local master branch. 
      This brings your fork's master branch into sync with the upstream repository, without losing your local changes.
$ git remote -v #This will show all the information about your current repositories as well as the master repository in the local system
$ git push origin master #This will update your own repository with any changes made on the local directrory.
